This is pdfTeX, Version 3.141592653-2.6-1.40.28 (MiKTeX 25.12) (preloaded format=pdflatex.fmt)
 restricted \write18 enabled.
entering extended mode
(Tese-Catuxe-PPGPI.tex
LaTeX2e <2025-11-01>
L3 programming layer <2025-12-29>
(ppgpi-abntex2.cls

LaTeX Warning: You have requested document class `ppgpi-abntex2',
               but the document class provides `dcomp-abntex2'.

Document Class: dcomp-abntex2 18/06/2019 v1.5 Modelo DCOMP baseado no projeto a
bnTeX2
(C:\Users\vidal\AppData\Local\Programs\MiKTeX\tex/latex/abntex2\abntex2.cls
Document Class: abntex2 2018/11/24 v-1.9.7 abnTeX2
(C:\Users\vidal\AppData\Local\Programs\MiKTeX\tex/latex/base\ifthen.sty)
(C:\Users\vidal\AppData\Local\Programs\MiKTeX\tex/latex/memoir\memoir.cls
Document Class: memoir 2025/11/04 v3.8.4b configurable book, report, article do
cument class
(C:\Users\vidal\AppData\Local\Programs\MiKTeX\tex/latex/xpatch\xpatch.sty
(C:\Users\vidal\AppData\Local\Programs\MiKTeX\tex/latex/l3kernel\expl3.sty
(C:\Users\vidal\AppData\Local\Programs\MiKTeX\tex/latex/l3backend\l3backend-pdf
tex.def))
(C:\Users\vidal\AppData\Local\Programs\MiKTeX\tex/latex/l3packages/xparse\xpars
e.sty)
(C:\Users\vidal\AppData\Local\Programs\MiKTeX\tex/latex/etoolbox\etoolbox.sty))
(C:\Users\vidal\AppData\Local\Programs\MiKTeX\tex/generic/iftex\iftex.sty)
(C:\Users\vidal\AppData\Local\Programs\MiKTeX\tex/latex/memoir\mem12.clo)
(C:\Users\vidal\AppData\Local\Programs\MiKTeX\tex/latex/tools\array.sty)
(C:\Users\vidal\AppData\Local\Programs\MiKTeX\tex/latex/tools\dcolumn.sty)
(C:\Users\vidal\AppData\Local\Programs\MiKTeX\tex/latex/tools\delarray.sty)
(C:\Users\vidal\AppData\Local\Programs\MiKTeX\tex/latex/tools\tabularx.sty)
(C:\Users\vidal\AppData\Local\Programs\MiKTeX\tex/latex/booktabs\booktabs.sty)
(C:\Users\vidal\AppData\Local\Programs\MiKTeX\tex/latex/hyperref\nameref.sty
(C:\Users\vidal\AppData\Local\Programs\MiKTeX\tex/latex/refcount\refcount.sty
(C:\Users\vidal\AppData\Local\Programs\MiKTeX\tex/generic/ltxcmds\ltxcmds.sty)
(C:\Users\vidal\AppData\Local\Programs\MiKTeX\tex/generic/infwarerr\infwarerr.s
ty))
(C:\Users\vidal\AppData\Local\Programs\MiKTeX\tex/generic/gettitlestring\gettit
lestring.sty
(C:\Users\vidal\AppData\Local\Programs\MiKTeX\tex/latex/kvoptions\kvoptions.sty
(C:\Users\vidal\AppData\Local\Programs\MiKTeX\tex/latex/graphics\keyval.sty)
(C:\Users\vidal\AppData\Local\Programs\MiKTeX\tex/latex/kvsetkeys\kvsetkeys.sty
)))) (C:\Users\vidal\AppData\Local\Programs\MiKTeX\tex/latex/tools\verbatim.sty
) (C:\Users\vidal\AppData\Local\Programs\MiKTeX\tex/latex/base\shortvrb.sty))
(C:\Users\vidal\AppData\Local\Programs\MiKTeX\tex/latex/textcase\textcase.sty)
(C:\Users\vidal\AppData\Local\Programs\MiKTeX\tex/latex/hyperref\hyperref.sty
(C:\Users\vidal\AppData\Local\Programs\MiKTeX\tex/generic/kvdefinekeys\kvdefine
keys.sty)
(C:\Users\vidal\AppData\Local\Programs\MiKTeX\tex/generic/pdfescape\pdfescape.s
ty
(C:\Users\vidal\AppData\Local\Programs\MiKTeX\tex/generic/pdftexcmds\pdftexcmds
.sty))
(C:\Users\vidal\AppData\Local\Programs\MiKTeX\tex/latex/hycolor\hycolor.sty)
(C:\Users\vidal\AppData\Local\Programs\MiKTeX\tex/generic/stringenc\stringenc.s
ty) (C:\Users\vidal\AppData\Local\Programs\MiKTeX\tex/latex/hyperref\pd1enc.def
) (C:\Users\vidal\AppData\Local\Programs\MiKTeX\tex/generic/intcalc\intcalc.sty
) (C:\Users\vidal\AppData\Local\Programs\MiKTeX\tex/latex/hyperref\puenc.def)
(C:\Users\vidal\AppData\Local\Programs\MiKTeX\tex/latex/url\url.sty)
(C:\Users\vidal\AppData\Local\Programs\MiKTeX\tex/generic/bitset\bitset.sty
(C:\Users\vidal\AppData\Local\Programs\MiKTeX\tex/generic/bigintcalc\bigintcalc
.sty)))
(C:\Users\vidal\AppData\Local\Programs\MiKTeX\tex/latex/hyperref\hpdftex.def
(C:\Users\vidal\AppData\Local\Programs\MiKTeX\tex/latex/rerunfilecheck\rerunfil
echeck.sty
(C:\Users\vidal\AppData\Local\Programs\MiKTeX\tex/generic/uniquecounter\uniquec
ounter.sty)))
(C:\Users\vidal\AppData\Local\Programs\MiKTeX\tex/latex/memoir\memhfixc.sty)
(C:\Users\vidal\AppData\Local\Programs\MiKTeX\tex/latex/bookmark\bookmark.sty
(C:\Users\vidal\AppData\Local\Programs\MiKTeX\tex/latex/bookmark\bkm-pdftex.def
)) (C:\Users\vidal\AppData\Local\Programs\MiKTeX\tex/generic/babel\babel.sty
(C:\Users\vidal\AppData\Local\Programs\MiKTeX\tex/generic/babel\txtbabel.def)
*************************************
* Local config file bblopts.cfg used
*
(C:\Users\vidal\AppData\Local\Programs\MiKTeX\tex/latex/arabi\bblopts.cfg)
(C:\Users\vidal\AppData\Local\Programs\MiKTeX\tex/generic/babel/locale/invalid\
babel-brazil.tex)

Package babel Warning: Name 'brazil' is deprecated.
(babel)                Use 'brazilian' instead.
(babel)                Reported on input line 4321.


(C:\Users\vidal\AppData\Local\Programs\MiKTeX\tex/latex/babel-portuges\brazilia
n.ldf))
(C:\Users\vidal\AppData\Local\Programs\MiKTeX\tex/latex/enumitem\enumitem.sty)
(C:\Users\vidal\AppData\Local\Programs\MiKTeX\tex/latex/tools\calc.sty)

******************************************************
Stock height and width: 845.04684pt by 597.50787pt
Top and edge trims: 0pt and 0pt
Page height and width: 845.04684pt by 597.50787pt
Text height and width: 708pt by 455pt
Spine and edge margins: 85.35826pt and 56.9055pt
Upper and lower margins: 85.35826pt and 51.68858pt
Headheight and headsep: 14.5pt and 19.8738pt
Footskip: 30pt
Columnsep and columnseprule: 10pt and 0pt
Marginparsep and marginparwidth: 7pt and 42.9055pt
Sidecapsep and sidecapwidth: 7pt and 42pt
Sidebarhsep and sidebarwidth: 7pt and 42pt
Sidebarvsep and sidebartopsep: 14.5pt and 0pt
Sidebarheight: 590.14995pt
Sidefoothsep and sidefootwidth: 7pt and 42pt
Sidefootvsep and sidefootheight: 14.5pt and 590.14995pt
******************************************************

) (C:\Users\vidal\AppData\Local\Programs\MiKTeX\tex/latex/cmap\cmap.sty)
(C:\Users\vidal\AppData\Local\Programs\MiKTeX\tex/latex/placeins\placeins.sty)
(C:\Users\vidal\AppData\Local\Programs\MiKTeX\tex/latex/diagbox\diagbox.sty
(C:\Users\vidal\AppData\Local\Programs\MiKTeX\tex/latex/pict2e\pict2e.sty
(C:\Users\vidal\AppData\Local\Programs\MiKTeX\tex/latex/pict2e\pict2e.cfg)
(C:\Users\vidal\AppData\Local\Programs\MiKTeX\tex/latex/graphics-def\pdftex.def
) (C:\Users\vidal\AppData\Local\Programs\MiKTeX\tex/latex/pict2e\p2e-pdftex.def
) (C:\Users\vidal\AppData\Local\Programs\MiKTeX\tex/latex/graphics\trig.sty)))
(C:\Users\vidal\AppData\Local\Programs\MiKTeX\tex/latex/float\float.sty)
(C:\Users\vidal\AppData\Local\Programs\MiKTeX\tex/latex/base\inputenc.sty)
(C:\Users\vidal\AppData\Local\Programs\MiKTeX\tex/latex/lastpage\lastpage.sty
(C:\Users\vidal\AppData\Local\Programs\MiKTeX\tex/latex/lastpage\lastpage2e.sty

(C:\Users\vidal\AppData\Local\Programs\MiKTeX\tex/latex/lastpage\lastpagemodern
.sty) 
))
(C:\Users\vidal\AppData\Local\Programs\MiKTeX\tex/latex/pdflscape\pdflscape.sty

(C:\Users\vidal\AppData\Local\Programs\MiKTeX\tex/latex/pdflscape\pdflscape-nom
etadata.sty
(C:\Users\vidal\AppData\Local\Programs\MiKTeX\tex/latex/graphics\lscape.sty
(C:\Users\vidal\AppData\Local\Programs\MiKTeX\tex/latex/graphics\graphics.sty
(C:\Users\vidal\AppData\Local\Programs\MiKTeX\tex/latex/graphics-cfg\graphics.c
fg)))))
(C:\Users\vidal\AppData\Local\Programs\MiKTeX\tex/latex/graphics\rotating.sty
(C:\Users\vidal\AppData\Local\Programs\MiKTeX\tex/latex/graphics\graphicx.sty))

(C:\Users\vidal\AppData\Local\Programs\MiKTeX\tex/latex/threeparttable\threepar
ttable.sty)
(C:\Users\vidal\AppData\Local\Programs\MiKTeX\tex/latex/pgfgantt\pgfgantt.sty
(C:\Users\vidal\AppData\Local\Programs\MiKTeX\tex/latex/pgf/frontendlayer\tikz.
sty
(C:\Users\vidal\AppData\Local\Programs\MiKTeX\tex/latex/pgf/basiclayer\pgf.sty
(C:\Users\vidal\AppData\Local\Programs\MiKTeX\tex/latex/pgf/utilities\pgfrcs.st
y
(C:\Users\vidal\AppData\Local\Programs\MiKTeX\tex/generic/pgf/utilities\pgfutil
-common.tex)
(C:\Users\vidal\AppData\Local\Programs\MiKTeX\tex/generic/pgf/utilities\pgfutil
-latex.def)
(C:\Users\vidal\AppData\Local\Programs\MiKTeX\tex/generic/pgf/utilities\pgfrcs.
code.tex
(C:\Users\vidal\AppData\Local\Programs\MiKTeX\tex/generic/pgf\pgf.revision.tex)
))
(C:\Users\vidal\AppData\Local\Programs\MiKTeX\tex/latex/pgf/basiclayer\pgfcore.
sty
(C:\Users\vidal\AppData\Local\Programs\MiKTeX\tex/latex/pgf/systemlayer\pgfsys.
sty
(C:\Users\vidal\AppData\Local\Programs\MiKTeX\tex/generic/pgf/systemlayer\pgfsy
s.code.tex
(C:\Users\vidal\AppData\Local\Programs\MiKTeX\tex/generic/pgf/utilities\pgfkeys
.code.tex
(C:\Users\vidal\AppData\Local\Programs\MiKTeX\tex/generic/pgf/utilities\pgfkeys
libraryfiltered.code.tex))
(C:\Users\vidal\AppData\Local\Programs\MiKTeX\tex/generic/pgf/systemlayer\pgf.c
fg)
(C:\Users\vidal\AppData\Local\Programs\MiKTeX\tex/generic/pgf/systemlayer\pgfsy
s-pdftex.def
(C:\Users\vidal\AppData\Local\Programs\MiKTeX\tex/generic/pgf/systemlayer\pgfsy
s-common-pdf.def)))
(C:\Users\vidal\AppData\Local\Programs\MiKTeX\tex/generic/pgf/systemlayer\pgfsy
ssoftpath.code.tex)
(C:\Users\vidal\AppData\Local\Programs\MiKTeX\tex/generic/pgf/systemlayer\pgfsy
sprotocol.code.tex))
(C:\Users\vidal\AppData\Local\Programs\MiKTeX\tex/latex/xcolor\xcolor.sty
(C:\Users\vidal\AppData\Local\Programs\MiKTeX\tex/latex/graphics-cfg\color.cfg)
(C:\Users\vidal\AppData\Local\Programs\MiKTeX\tex/latex/graphics\mathcolor.ltx)
)
(C:\Users\vidal\AppData\Local\Programs\MiKTeX\tex/generic/pgf/basiclayer\pgfcor
e.code.tex
(C:\Users\vidal\AppData\Local\Programs\MiKTeX\tex/generic/pgf/math\pgfmath.code
.tex
(C:\Users\vidal\AppData\Local\Programs\MiKTeX\tex/generic/pgf/math\pgfmathutil.
code.tex)
(C:\Users\vidal\AppData\Local\Programs\MiKTeX\tex/generic/pgf/math\pgfmathparse
r.code.tex)
(C:\Users\vidal\AppData\Local\Programs\MiKTeX\tex/generic/pgf/math\pgfmathfunct
ions.code.tex)
(C:\Users\vidal\AppData\Local\Programs\MiKTeX\tex/generic/pgf/math\pgfmathfunct
ions.basic.code.tex)
(C:\Users\vidal\AppData\Local\Programs\MiKTeX\tex/generic/pgf/math\pgfmathfunct
ions.trigonometric.code.tex)
(C:\Users\vidal\AppData\Local\Programs\MiKTeX\tex/generic/pgf/math\pgfmathfunct
ions.random.code.tex)
(C:\Users\vidal\AppData\Local\Programs\MiKTeX\tex/generic/pgf/math\pgfmathfunct
ions.comparison.code.tex)
(C:\Users\vidal\AppData\Local\Programs\MiKTeX\tex/generic/pgf/math\pgfmathfunct
ions.base.code.tex)
(C:\Users\vidal\AppData\Local\Programs\MiKTeX\tex/generic/pgf/math\pgfmathfunct
ions.round.code.tex)
(C:\Users\vidal\AppData\Local\Programs\MiKTeX\tex/generic/pgf/math\pgfmathfunct
ions.misc.code.tex)
(C:\Users\vidal\AppData\Local\Programs\MiKTeX\tex/generic/pgf/math\pgfmathfunct
ions.integerarithmetics.code.tex)
(C:\Users\vidal\AppData\Local\Programs\MiKTeX\tex/generic/pgf/math\pgfmathcalc.
code.tex)
(C:\Users\vidal\AppData\Local\Programs\MiKTeX\tex/generic/pgf/math\pgfmathfloat
.code.tex))
(C:\Users\vidal\AppData\Local\Programs\MiKTeX\tex/generic/pgf/math\pgfint.code.
tex)
(C:\Users\vidal\AppData\Local\Programs\MiKTeX\tex/generic/pgf/basiclayer\pgfcor
epoints.code.tex)
(C:\Users\vidal\AppData\Local\Programs\MiKTeX\tex/generic/pgf/basiclayer\pgfcor
epathconstruct.code.tex)
(C:\Users\vidal\AppData\Local\Programs\MiKTeX\tex/generic/pgf/basiclayer\pgfcor
epathusage.code.tex)
(C:\Users\vidal\AppData\Local\Programs\MiKTeX\tex/generic/pgf/basiclayer\pgfcor
escopes.code.tex)
(C:\Users\vidal\AppData\Local\Programs\MiKTeX\tex/generic/pgf/basiclayer\pgfcor
egraphicstate.code.tex)
(C:\Users\vidal\AppData\Local\Programs\MiKTeX\tex/generic/pgf/basiclayer\pgfcor
etransformations.code.tex)
(C:\Users\vidal\AppData\Local\Programs\MiKTeX\tex/generic/pgf/basiclayer\pgfcor
equick.code.tex)
(C:\Users\vidal\AppData\Local\Programs\MiKTeX\tex/generic/pgf/basiclayer\pgfcor
eobjects.code.tex)
(C:\Users\vidal\AppData\Local\Programs\MiKTeX\tex/generic/pgf/basiclayer\pgfcor
epathprocessing.code.tex)
(C:\Users\vidal\AppData\Local\Programs\MiKTeX\tex/generic/pgf/basiclayer\pgfcor
earrows.code.tex)
(C:\Users\vidal\AppData\Local\Programs\MiKTeX\tex/generic/pgf/basiclayer\pgfcor
eshade.code.tex)
(C:\Users\vidal\AppData\Local\Programs\MiKTeX\tex/generic/pgf/basiclayer\pgfcor
eimage.code.tex)
(C:\Users\vidal\AppData\Local\Programs\MiKTeX\tex/generic/pgf/basiclayer\pgfcor
eexternal.code.tex)
(C:\Users\vidal\AppData\Local\Programs\MiKTeX\tex/generic/pgf/basiclayer\pgfcor
elayers.code.tex)
(C:\Users\vidal\AppData\Local\Programs\MiKTeX\tex/generic/pgf/basiclayer\pgfcor
etransparency.code.tex)
(C:\Users\vidal\AppData\Local\Programs\MiKTeX\tex/generic/pgf/basiclayer\pgfcor
epatterns.code.tex)
(C:\Users\vidal\AppData\Local\Programs\MiKTeX\tex/generic/pgf/basiclayer\pgfcor
erdf.code.tex)))
(C:\Users\vidal\AppData\Local\Programs\MiKTeX\tex/generic/pgf/modules\pgfmodule
shapes.code.tex)
(C:\Users\vidal\AppData\Local\Programs\MiKTeX\tex/generic/pgf/modules\pgfmodule
plot.code.tex)
(C:\Users\vidal\AppData\Local\Programs\MiKTeX\tex/latex/pgf/compatibility\pgfco
mp-version-0-65.sty)
(C:\Users\vidal\AppData\Local\Programs\MiKTeX\tex/latex/pgf/compatibility\pgfco
mp-version-1-18.sty))
(C:\Users\vidal\AppData\Local\Programs\MiKTeX\tex/latex/pgf/utilities\pgffor.st
y
(C:\Users\vidal\AppData\Local\Programs\MiKTeX\tex/latex/pgf/utilities\pgfkeys.s
ty
(C:\Users\vidal\AppData\Local\Programs\MiKTeX\tex/generic/pgf/utilities\pgfkeys
.code.tex))
(C:\Users\vidal\AppData\Local\Programs\MiKTeX\tex/latex/pgf/math\pgfmath.sty
(C:\Users\vidal\AppData\Local\Programs\MiKTeX\tex/generic/pgf/math\pgfmath.code
.tex))
(C:\Users\vidal\AppData\Local\Programs\MiKTeX\tex/generic/pgf/utilities\pgffor.
code.tex))
(C:\Users\vidal\AppData\Local\Programs\MiKTeX\tex/generic/pgf/frontendlayer/tik
z\tikz.code.tex
(C:\Users\vidal\AppData\Local\Programs\MiKTeX\tex/generic/pgf/libraries\pgflibr
aryplothandlers.code.tex)
(C:\Users\vidal\AppData\Local\Programs\MiKTeX\tex/generic/pgf/modules\pgfmodule
matrix.code.tex)
(C:\Users\vidal\AppData\Local\Programs\MiKTeX\tex/generic/pgf/frontendlayer/tik
z/libraries\tikzlibrarytopaths.code.tex)))
(C:\Users\vidal\AppData\Local\Programs\MiKTeX\tex/generic/pgf/frontendlayer/tik
z/libraries\tikzlibraryarrows.code.tex
(C:\Users\vidal\AppData\Local\Programs\MiKTeX\tex/generic/pgf/libraries\pgflibr
aryarrows.code.tex))
(C:\Users\vidal\AppData\Local\Programs\MiKTeX\tex/generic/pgf/frontendlayer/tik
z/libraries\tikzlibrarybackgrounds.code.tex)
(C:\Users\vidal\AppData\Local\Programs\MiKTeX\tex/generic/pgf/frontendlayer/tik
z/libraries\tikzlibrarycalc.code.tex)
(C:\Users\vidal\AppData\Local\Programs\MiKTeX\tex/generic/pgf/frontendlayer/tik
z/libraries\tikzlibrarypatterns.code.tex
(C:\Users\vidal\AppData\Local\Programs\MiKTeX\tex/generic/pgf/libraries\pgflibr
arypatterns.code.tex))
(C:\Users\vidal\AppData\Local\Programs\MiKTeX\tex/generic/pgf/frontendlayer/tik
z/libraries\tikzlibrarypositioning.code.tex)
(C:\Users\vidal\AppData\Local\Programs\MiKTeX\tex/generic/pgf/frontendlayer/tik
z/libraries\tikzlibraryshapes.geometric.code.tex
(C:\Users\vidal\AppData\Local\Programs\MiKTeX\tex/generic/pgf/libraries/shapes\
pgflibraryshapes.geometric.code.tex))
(C:\Users\vidal\AppData\Local\Programs\MiKTeX\tex/latex/pgf/utilities\pgfcalend
ar.sty
(C:\Users\vidal\AppData\Local\Programs\MiKTeX\tex/generic/pgf/utilities\pgfcale
ndar.code.tex)))
(C:\Users\vidal\AppData\Local\Programs\MiKTeX\tex/latex/psnfss\times.sty)
(C:\Users\vidal\AppData\Local\Programs\MiKTeX\tex/latex/epstopdf-pkg\epstopdf.s
ty (C:\Users\vidal\AppData\Local\Programs\MiKTeX\tex/latex/grfext\grfext.sty)
(C:\Users\vidal\AppData\Local\Programs\MiKTeX\tex/latex/epstopdf-pkg\epstopdf-b
ase.sty
(C:\Users\vidal\AppData\Local\Programs\MiKTeX\tex/latex/00miktex\epstopdf-sys.c
fg)))
(C:\Users\vidal\AppData\Local\Programs\MiKTeX\tex/latex/adjustbox\adjustbox.sty
(C:\Users\vidal\AppData\Local\Programs\MiKTeX\tex/latex/xkeyval\xkeyval.sty
(C:\Users\vidal\AppData\Local\Programs\MiKTeX\tex/generic/xkeyval\xkeyval.tex
(C:\Users\vidal\AppData\Local\Programs\MiKTeX\tex/generic/xkeyval\xkvutils.tex)
))
(C:\Users\vidal\AppData\Local\Programs\MiKTeX\tex/latex/adjustbox\adjcalc.sty)
(C:\Users\vidal\AppData\Local\Programs\MiKTeX\tex/latex/adjustbox\trimclip.sty
(C:\Users\vidal\AppData\Local\Programs\MiKTeX\tex/latex/collectbox\collectbox.s
ty)
(C:\Users\vidal\AppData\Local\Programs\MiKTeX\tex/latex/adjustbox\tc-pdftex.def
))
(C:\Users\vidal\AppData\Local\Programs\MiKTeX\tex/latex/ifoddpage\ifoddpage.sty
) (C:\Users\vidal\AppData\Local\Programs\MiKTeX\tex/latex/varwidth\varwidth.sty
)
==> First Aid for varwidth.sty applied!
) (C:\Users\vidal\AppData\Local\Programs\MiKTeX\tex/latex/caption\caption.sty
(C:\Users\vidal\AppData\Local\Programs\MiKTeX\tex/latex/caption\caption3.sty
(C:\Users\vidal\AppData\Local\Programs\MiKTeX\tex/latex/caption\caption-memoir.
sto)))
(C:\Users\vidal\AppData\Local\Programs\MiKTeX\tex/latex/import\import.sty)
(C:\Users\vidal\AppData\Local\Programs\MiKTeX\tex/latex/multirow\multirow.sty)
(C:\Users\vidal\AppData\Local\Programs\MiKTeX\tex/latex/tools\longtable.sty)
(C:\Users\vidal\AppData\Local\Programs\MiKTeX\tex/latex/base\fontenc.sty
(C:\Users\vidal\AppData\Local\Programs\MiKTeX\tex/latex/psnfss\t1ptm.fd)<<t1.cm
ap>>)
(C:\Users\vidal\AppData\Local\Programs\MiKTeX\tex/latex/tools\indentfirst.sty)
(C:\Users\vidal\AppData\Local\Programs\MiKTeX\tex/latex/tools\multicol.sty)
(C:\Users\vidal\AppData\Local\Programs\MiKTeX\tex/latex/mathtools\mathtools.sty
(C:\Users\vidal\AppData\Local\Programs\MiKTeX\tex/latex/mathtools\mhsetup.sty)
(C:\Users\vidal\AppData\Local\Programs\MiKTeX\tex/latex/amsmath\amsmath.sty
For additional information on amsmath, use the `?' option.
(C:\Users\vidal\AppData\Local\Programs\MiKTeX\tex/latex/amsmath\amstext.sty
(C:\Users\vidal\AppData\Local\Programs\MiKTeX\tex/latex/amsmath\amsgen.sty))
(C:\Users\vidal\AppData\Local\Programs\MiKTeX\tex/latex/amsmath\amsbsy.sty)
(C:\Users\vidal\AppData\Local\Programs\MiKTeX\tex/latex/amsmath\amsopn.sty)))
(C:\Users\vidal\AppData\Local\Programs\MiKTeX\tex/latex/amsfonts\amssymb.sty
(C:\Users\vidal\AppData\Local\Programs\MiKTeX\tex/latex/amsfonts\amsfonts.sty))

(C:\Users\vidal\AppData\Local\Programs\MiKTeX\tex/latex/microtype\microtype.sty

(C:\Users\vidal\AppData\Local\Programs\MiKTeX\tex/latex/microtype\microtype-pdf
tex.def)
(C:\Users\vidal\AppData\Local\Programs\MiKTeX\tex/latex/microtype\microtype.cfg
)) (C:\Users\vidal\AppData\Local\Programs\MiKTeX\tex/latex/hyperref\backref.sty
)
(C:\Users\vidal\AppData\Local\Programs\MiKTeX\tex/latex/abntex2\abntex2cite.sty

(C:\Users\vidal\AppData\Local\Programs\MiKTeX\tex/latex/abntex2\abntex2abrev.st
y) (C:\Users\vidal\AppData\Local\Programs\MiKTeX\tex/generic/iftex\ifpdf.sty)
(C:\Users\vidal\AppData\Local\Programs\MiKTeX\tex/generic/iftex\ifxetex.sty)
(C:\Users\vidal\AppData\Local\Programs\MiKTeX\tex/latex/relsize\relsize.sty))
(C:\Users\vidal\AppData\Local\Programs\MiKTeX\tex/latex/pdfpages\pdfpages.sty
(C:\Users\vidal\AppData\Local\Programs\MiKTeX\tex/latex/eso-pic\eso-pic.sty)
(C:\Users\vidal\AppData\Local\Programs\MiKTeX\tex/latex/pdfpages\pppdftex.def))
 (C:\Users\vidal\AppData\Local\Programs\MiKTeX\tex/latex/breakurl\breakurl.sty

Package breakurl Warning: You are using breakurl while processing via pdflatex.

(breakurl)                \burl will be just a synonym of \url.
(breakurl)                 on input line 48.

) (C:\Users\vidal\AppData\Local\Programs\MiKTeX\tex/latex/listings\listings.sty
(C:\Users\vidal\AppData\Local\Programs\MiKTeX\tex/latex/listings\lstpatch.sty)
(C:\Users\vidal\AppData\Local\Programs\MiKTeX\tex/latex/listings\lstmisc.sty)
(C:\Users\vidal\AppData\Local\Programs\MiKTeX\tex/latex/listings\listings.cfg))
==> First Aid for listings.sty no longer applied!
    Expected:
        2024/09/23 1.10c (Carsten Heinz)
    but found:
        2025/11/14 1.11b (Carsten Heinz)
    so I'm assuming it got fixed.

(C:\Users\vidal\AppData\Local\Programs\MiKTeX\tex/latex/lstaddons\lstautogobble
.sty) (C:\Users\vidal\AppData\Local\Programs\MiKTeX\tex/latex/lipsum\lipsum.sty

(C:\Users\vidal\AppData\Local\Programs\MiKTeX\tex/latex/l3packages/l3keys2e\l3k
eys2e.sty)
(C:\Users\vidal\AppData\Local\Programs\MiKTeX\tex/latex/lipsum\lipsum.ltd.tex))
(C:\Users\vidal\AppData\Local\Programs\MiKTeX\tex/latex/colortbl\colortbl.sty)

LaTeX Warning: Package "xcolor" has already been loaded: ignoring load-time
(LaTeX)        option "xcdraw".


(C:\Users\vidal\AppData\Local\Programs\MiKTeX\tex/latex/koma-script\typearea.st
y
(C:\Users\vidal\AppData\Local\Programs\MiKTeX\tex/latex/koma-script\scrkbase.st
y
(C:\Users\vidal\AppData\Local\Programs\MiKTeX\tex/latex/koma-script\scrbase.sty

(C:\Users\vidal\AppData\Local\Programs\MiKTeX\tex/latex/koma-script\scrlfile.st
y
(C:\Users\vidal\AppData\Local\Programs\MiKTeX\tex/latex/koma-script\scrlfile-ho
ok.sty
(C:\Users\vidal\AppData\Local\Programs\MiKTeX\tex/latex/koma-script\scrlogo.sty
))))))
(C:\Users\vidal\AppData\Local\Programs\MiKTeX\tex/latex/tools\varioref.sty)
(C:\Users\vidal\AppData\Local\Programs\MiKTeX\tex/latex/cleveref\cleveref.sty)
==> First Aid for cleveref.sty applied!

Class memoir Warning: The fancyhdr package is not recommended with memoir.
(memoir)              We have our own well integrated interface to handle
(memoir)              headers and footers. See the manual section 7.3
(memoir)              onwards for details. on input line 108.

(C:\Users\vidal\AppData\Local\Programs\MiKTeX\tex/latex/fancyhdr\fancyhdr.sty)
(Doutorado-Catuxe.sty))
(C:\Users\vidal\AppData\Local\Programs\MiKTeX\tex/latex/base\fontenc.sty)
(C:\Users\vidal\AppData\Local\Programs\MiKTeX\tex/latex/caption\subcaption.sty)
 (C:\Users\vidal\AppData\Local\Programs\MiKTeX\tex/latex/fvextra\fvextra.sty
(C:\Users\vidal\AppData\Local\Programs\MiKTeX\tex/latex/fancyvrb\fancyvrb.sty)
(C:\Users\vidal\AppData\Local\Programs\MiKTeX\tex/latex/upquote\upquote.sty
(C:\Users\vidal\AppData\Local\Programs\MiKTeX\tex/latex/base\textcomp.sty))
(C:\Users\vidal\AppData\Local\Programs\MiKTeX\tex/latex/lineno\lineno.sty))
(C:\Users\vidal\AppData\Local\Programs\MiKTeX\tex/generic/pgf/libraries\pgflibr
aryarrows.meta.code.tex)
(C:\Users\vidal\AppData\Local\Programs\MiKTeX\tex/generic/pgf/frontendlayer/tik
z/libraries\tikzlibraryfit.code.tex)
Writing index file Tese-Catuxe-PPGPI.idx 
(Tese-Catuxe-PPGPI.aux (PRE_TEXTUAL/Resumo.aux) (Pre_Textual/Abreviaturas.aux)
(CONTEUDOS/INTRODU├ç├âO/Introducao.aux) (CONTEUDOS/INTRODU├ç├âO/Referencial.aux
) (CONTEUDOS/METODOLOGIA/Metodologia.aux) (CAPITULOS/ARTIGO_1/Artigo_1.aux)
Runaway argument?
{\contentsline { 
! File ended while scanning use of \@writefile.
<inserted text> 
                \par 
l.145 \@input{CAPITULOS/ARTIGO_1/Artigo_1.aux}
                                              
)
Runaway argument?
{5C3337365C3337375C303030505C303030725C3030306F5C303030745C3030306F5C\ETC.
! File ended while scanning use of \BKM@entry.
<inserted text> 
                \par 
l.30 \begin{document}
                     

(C:\Users\vidal\AppData\Local\Programs\MiKTeX\tex/context/base/mkii\supp-pdf.mk
ii
[Loading MPS to PDF converter (version 2006.09.02).]
) (C:\Users\vidal\AppData\Local\Programs\MiKTeX\tex/latex/caption\ltcaption.sty
) (C:\Users\vidal\AppData\Local\Programs\MiKTeX\tex/latex/microtype\mt-ptm.cfg)
[1{C:/Users/vidal/AppData/Local/MiKTeX/fonts/map/pdftex/pdftex.map}{C:/Users/vi
dal/AppData/Local/Programs/MiKTeX/fonts/enc/dvips/base/8r.enc}]
(C:\Users\vidal\AppData\Local\Programs\MiKTeX\tex/latex/microtype\mt-cmr.cfg)<<
ot1.cmap>><<oml.cmap>><<oms.cmap>><<omx.cmap>>
(C:\Users\vidal\AppData\Local\Programs\MiKTeX\tex/latex/amsfonts\umsa.fd)
(C:\Users\vidal\AppData\Local\Programs\MiKTeX\tex/latex/microtype\mt-msa.cfg)
(C:\Users\vidal\AppData\Local\Programs\MiKTeX\tex/latex/amsfonts\umsb.fd)
(C:\Users\vidal\AppData\Local\Programs\MiKTeX\tex/latex/microtype\mt-msb.cfg)
pdfTeX warning (ext4): destination with the same identifier (name{page.1}) has 
been already used, duplicate ignored
<to be read again> 
                   \relax 
l.56 
      [1] (PRE_TEXTUAL/Resumo.tex [2]) (Tese-Catuxe-PPGPI.lof) [3]
(Tese-Catuxe-PPGPI.lot) [4] (Pre_Textual/Abreviaturas.tex [5] [6])
(Tese-Catuxe-PPGPI.toc [7] [8] [9] [10] [11]) [12]
(CONTEUDOS/INTRODU├ç├âO/Introducao.tex
Cap\'{\i }tulo 1.
(C:\Users\vidal\AppData\Local\Programs\MiKTeX\tex/latex/psnfss\t1pnc.fd)

LaTeX Warning: Citation `Toledo2008' on page 13 undefined on input line 6.


LaTeX Warning: Citation `Berkes2017' on page 13 undefined on input line 6.


LaTeX Warning: Citation `Toledo2008' on page 13 undefined on input line 8.


LaTeX Warning: Citation `Berkes2017' on page 13 undefined on input line 8.


LaTeX Warning: Citation `Ostrom1990' on page 13 undefined on input line 8.


LaTeX Warning: Citation `Berkes2003' on page 13 undefined on input line 8.


LaTeX Warning: Citation `Altieri1995' on page 13 undefined on input line 10.

[13]

LaTeX Warning: Citation `Costanza1997' on page 14 undefined on input line 12.


LaTeX Warning: Citation `CalvetMir2016' on page 14 undefined on input line 12.


LaTeX Warning: Citation `Folke2016' on page 14 undefined on input line 12.


LaTeX Warning: Citation `GomezBaggethun2013' on page 14 undefined on input line
 12.


LaTeX Warning: Citation `Berkes2003' on page 14 undefined on input line 12.


LaTeX Warning: Citation `Penrose1959' on page 14 undefined on input line 14.


LaTeX Warning: Citation `Barney1991' on page 14 undefined on input line 14.


LaTeX Warning: Citation `Schumpeter1934' on page 14 undefined on input line 16.



LaTeX Warning: Citation `Teece1997' on page 14 undefined on input line 16.

[14]

LaTeX Warning: Citation `Polanyi1966' on page 15 undefined on input line 18.


LaTeX Warning: Citation `Nonaka1995' on page 15 undefined on input line 18.


LaTeX Warning: Citation `Nelson1982' on page 15 undefined on input line 20.


LaTeX Warning: Citation `CohenLevinthal1990' on page 15 undefined on input line
 20.


LaTeX Warning: Citation `Chesbrough2003' on page 15 undefined on input line 20.



LaTeX Warning: Citation `Crossan2010' on page 15 undefined on input line 22.


LaTeX Warning: Citation `Mountrakis2011' on page 15 undefined on input line 24.



LaTeX Warning: Citation `Spyrou2025' on page 15 undefined on input line 24.


LaTeX Warning: Citation `Wilkinson2016' on page 15 undefined on input line 24.


LaTeX Warning: Citation `Rudin2019' on page 15 undefined on input line 24.


LaTeX Warning: Citation `Nonaka1995' on page 15 undefined on input line 24.

[15]

LaTeX Warning: Citation `brasil2015lei13123' on page 16 undefined on input line
 26.


LaTeX Warning: Citation `conaq2023racismo' on page 16 undefined on input line 2
6.


LaTeX Warning: Citation `Santilli2009' on page 16 undefined on input line 26.


LaTeX Warning: Citation `FalsBorda1991' on page 16 undefined on input line 29.


LaTeX Warning: Citation `EtzkowitzLeydesdorff2000' on page 16 undefined on inpu
t line 29.


LaTeX Warning: Citation `ReyesGarcia2013' on page 16 undefined on input line 31
.


LaTeX Warning: Citation `GomezBaggethun2013' on page 16 undefined on input line
 31.


LaTeX Warning: Citation `Jarvis2008' on page 16 undefined on input line 31.


LaTeX Warning: Citation `Agrawal2002' on page 16 undefined on input line 31.

[16]

LaTeX Warning: Citation `Tricco2018b' on page 17 undefined on input line 33.


LaTeX Warning: Citation `Page2021' on page 17 undefined on input line 33.


LaTeX Warning: Citation `Zadeh1965' on page 17 undefined on input line 33.


LaTeX Warning: Citation `Barney1991' on page 17 undefined on input line 40.


LaTeX Warning: Citation `Agrawal2002' on page 17 undefined on input line 42.


LaTeX Warning: Citation `Zadeh1965' on page 17 undefined on input line 42.


LaTeX Warning: Citation `Belletti2015' on page 17 undefined on input line 42.

[17] [18] [19]

LaTeX Warning: Citation `ReyesGarcia2013' on page 20 undefined on input line 78
.


LaTeX Warning: Citation `GomezBaggethun2013' on page 20 undefined on input line
 78.


LaTeX Warning: Citation `Jarvis2008' on page 20 undefined on input line 78.


LaTeX Warning: Citation `Brush2004' on page 20 undefined on input line 78.


LaTeX Warning: Citation `Bussmann2018' on page 20 undefined on input line 78.


LaTeX Warning: Citation `CalvetMir2016' on page 20 undefined on input line 78.


LaTeX Warning: Citation `INPI2023' on page 20 undefined on input line 78.


LaTeX Warning: Citation `brasil2015lei13123' on page 20 undefined on input line
 78.


LaTeX Warning: Citation `conaq2023racismo' on page 20 undefined on input line 7
8.


LaTeX Warning: Citation `Santilli2009' on page 20 undefined on input line 78.


LaTeX Warning: Citation `Agrawal2002' on page 20 undefined on input line 78.


LaTeX Warning: Citation `Folke2016' on page 20 undefined on input line 78.

[20]

LaTeX Warning: Citation `Wilkinson2016' on page 21 undefined on input line 82.


LaTeX Warning: Citation `Rudin2019' on page 21 undefined on input line 82.


LaTeX Warning: Citation `WOCAT2023' on page 21 undefined on input line 82.


LaTeX Warning: Citation `Linstone1975' on page 21 undefined on input line 82.


LaTeX Warning: Citation `Zadeh1965' on page 21 undefined on input line 82.


LaTeX Warning: Citation `Schuler1993' on page 21 undefined on input line 82.

[21]

LaTeX Warning: Citation `Creswell2018' on page 22 undefined on input line 84.

[22]) [23] (CONTEUDOS/INTRODU├ç├âO/Referencial.tex
Cap\'{\i }tulo 2.

LaTeX Warning: Citation `Navarro2001' on page 24 undefined on input line 10.


LaTeX Warning: Citation `Abramovay2020' on page 24 undefined on input line 12.


LaTeX Warning: Citation `Perondi2012' on page 24 undefined on input line 12.


LaTeX Warning: Citation `Sen1999' on page 24 undefined on input line 14.


LaTeX Warning: Citation `Abramovay2020' on page 24 undefined on input line 19.


LaTeX Warning: Citation `Kovaleva2021' on page 24 undefined on input line 19.


LaTeX Warning: Citation `Montanari2020' on page 24 undefined on input line 19.

[24]

LaTeX Warning: Citation `Sachs2002' on page 25 undefined on input line 21.


LaTeX Warning: Citation `Tagliapietra2021' on page 25 undefined on input line 2
1.


LaTeX Warning: Citation `Sachs1993' on page 25 undefined on input line 23.


LaTeX Warning: Citation `Grant2020' on page 25 undefined on input line 25.


LaTeX Warning: Citation `Clayton2019' on page 25 undefined on input line 25.


LaTeX Warning: Citation `Motti2023' on page 25 undefined on input line 27.


LaTeX Warning: Citation `Ahad2023' on page 25 undefined on input line 27.


LaTeX Warning: Citation `Brzi2023' on page 25 undefined on input line 29.

[25]

LaTeX Warning: Citation `BobatoStadler2020' on page 26 undefined on input line 
31.


LaTeX Warning: Citation `Colao2011' on page 26 undefined on input line 31.


LaTeX Warning: Citation `MohdSalim2023' on page 26 undefined on input line 32.


LaTeX Warning: Citation `Marques2016' on page 26 undefined on input line 34.


LaTeX Warning: Citation `Thum2017' on page 26 undefined on input line 34.


LaTeX Warning: Citation `Singh2000' on page 26 undefined on input line 36.


LaTeX Warning: Citation `Asante2017' on page 26 undefined on input line 36.

(C:\Users\vidal\AppData\Local\Programs\MiKTeX\tex/latex/psnfss\ts1ptm.fd)

LaTeX Warning: Citation `Yustiningrum2023' on page 26 undefined on input line 4
2.


LaTeX Warning: Citation `Ciocco2023' on page 26 undefined on input line 44.


LaTeX Warning: Citation `Reyes-Garca2019' on page 26 undefined on input line 44
.

[26]

LaTeX Warning: Citation `Brasil2015' on page 27 undefined on input line 46.


LaTeX Warning: Citation `Gomes2016' on page 27 undefined on input line 46.


LaTeX Warning: Citation `Tsai2020' on page 27 undefined on input line 48.


LaTeX Warning: Citation `LimaVerdanRangel2018' on page 27 undefined on input li
ne 50.


LaTeX Warning: Citation `IBGE2010' on page 27 undefined on input line 52.


LaTeX Warning: Citation `IBGE2022' on page 27 undefined on input line 52.


LaTeX Warning: Citation `Lima2010' on page 27 undefined on input line 52.


LaTeX Warning: Citation `Penrose1959' on page 27 undefined on input line 59.


LaTeX Warning: Citation `Barney1991' on page 27 undefined on input line 59.


LaTeX Warning: Citation `Nelson1982' on page 27 undefined on input line 59.

[27]

LaTeX Warning: Citation `Nonaka1995' on page 28 undefined on input line 61.


LaTeX Warning: Citation `Grant1996' on page 28 undefined on input line 61.


LaTeX Warning: Citation `Nonaka1995' on page 28 undefined on input line 61.


LaTeX Warning: Citation `SmithParr2000' on page 28 undefined on input line 63.


LaTeX Warning: Citation `Sveiby1997' on page 28 undefined on input line 63.


LaTeX Warning: Citation `Stewart1997' on page 28 undefined on input line 63.


LaTeX Warning: Citation `Edvinsson1997' on page 28 undefined on input line 63.


LaTeX Warning: Citation `SmithParr2000' on page 28 undefined on input line 65.


LaTeX Warning: Citation `Kaplan1996' on page 28 undefined on input line 65.

[28]

LaTeX Warning: Citation `Pulic2000' on page 29 undefined on input line 69.


LaTeX Warning: Citation `AroraEtAl2001' on page 29 undefined on input line 73.


LaTeX Warning: Citation `Zhou2018' on page 29 undefined on input line 79.

[29]

LaTeX Warning: Citation `Choudhury2021' on page 30 undefined on input line 83.


LaTeX Warning: Citation `Ritchie2016' on page 30 undefined on input line 84.


LaTeX Warning: Citation `Benos2021' on page 30 undefined on input line 84.


LaTeX Warning: Citation `Parish2016' on page 30 undefined on input line 86.


LaTeX Warning: Citation `Candelieri2019' on page 30 undefined on input line 87.



LaTeX Warning: Citation `vanVliet2020' on page 30 undefined on input line 87.

[30]

LaTeX Warning: Citation `Tidd2005' on page 31 undefined on input line 93.


LaTeX Warning: Citation `Chesbrough2003' on page 31 undefined on input line 101
.

[31]

LaTeX Warning: Citation `vonHippel1988' on page 32 undefined on input line 107.



LaTeX Warning: Citation `Barney1991' on page 32 undefined on input line 113.

[32]

LaTeX Warning: Citation `CohenLevinthal1990' on page 33 undefined on input line
 119.


LaTeX Warning: Citation `Zahra2002' on page 33 undefined on input line 119.


LaTeX Warning: Citation `Adner2006' on page 33 undefined on input line 129.

[33]

LaTeX Warning: Citation `AdnerKapoor2010' on page 34 undefined on input line 13
1.


LaTeX Warning: Citation `Teece2007' on page 34 undefined on input line 143.

[34]

LaTeX Warning: Citation `Pulic2000' on page 35 undefined on input line 153.

[35]) [36] (CONTEUDOS/METODOLOGIA/Metodologia.tex
Cap\'{\i }tulo 3.
(Imagens/PROCESSO/diagramas/objetivos-especificos.tex) [37] [38]
(Imagens/PROCESSO/diagramas/modulos-integrados.tex) [39]
(CONTEUDOS/METODOLOGIA/Met_meta_analise.tex

LaTeX Warning: Citation `Page2021' on page 40 undefined on input line 9.


LaTeX Warning: Citation `Higgins2019' on page 40 undefined on input line 9.


LaTeX Warning: Citation `Agrawal2002' on page 40 undefined on input line 13.


LaTeX Warning: Citation `Folke2016' on page 40 undefined on input line 13.

[40]

LaTeX Warning: Citation `Hedges1999' on page 41 undefined on input line 21.


LaTeX Warning: Citation `Viechtbauer2010' on page 41 undefined on input line 21
.


LaTeX Warning: Citation `Higgins2003' on page 41 undefined on input line 21.


LaTeX Warning: Citation `Pustejovsky2022' on page 41 undefined on input line 21
.


LaTeX Warning: Citation `vanBuuren2011' on page 41 undefined on input line 27.

) (CONTEUDOS/METODOLOGIA/Met_delphi.tex

LaTeX Warning: Citation `WOCAT2023' on page 41 undefined on input line 3.


LaTeX Warning: Citation `Schwilch2011' on page 41 undefined on input line 3.


LaTeX Warning: Citation `Beaton2000' on page 41 undefined on input line 3.

[41]

LaTeX Warning: Citation `Linstone1975' on page 42 undefined on input line 5.


LaTeX Warning: Citation `Rowe1999' on page 42 undefined on input line 5.

[42]

LaTeX Warning: Citation `Hernandez-Nieto2002' on page 43 undefined on input lin
e 17.

) (CONTEUDOS/METODOLOGIA/Met_fuzzy.tex
Overfull \hbox (3.97778pt too wide) in paragraph at lines 1--1
[]\T1/ptm/b/n/17.28 (-20) Modelagem Fuzzy e Cons-tru-þÒo do ═n-dice de Sal-va-g
uarda
[43]

LaTeX Warning: Citation `Zadeh1965' on page 44 undefined on input line 7.


LaTeX Warning: Citation `Mamdani1975' on page 44 undefined on input line 13.

[44] (C:\Users\vidal\AppData\Local\Programs\MiKTeX\tex/latex/psnfss\t1pcr.fd)

LaTeX Warning: Citation `Warner2015' on page 45 undefined on input line 49.

[45]) (CONTEUDOS/METODOLOGIA/Met_signaling_wtp.tex

LaTeX Warning: Citation `Santilli2009' on page 46 undefined on input line 7.


LaTeX Warning: Citation `Cunha2009' on page 46 undefined on input line 7.

[46] [47] [48]) (CONTEUDOS/METODOLOGIA/Met_design_participativo.tex

LaTeX Warning: Citation `Schuler1993' on page 49 undefined on input line 7.


LaTeX Warning: Citation `Simonsen2012' on page 49 undefined on input line 7.

[49]

LaTeX Warning: Citation `Brooke1996' on page 50 undefined on input line 29.

[50]

LaTeX Warning: Citation `Carroll2001' on page 51 undefined on input line 41.

[51]) (CONTEUDOS/METODOLOGIA/Met_rs.tex [52]
Overfull \hbox (494.59235pt too wide) in paragraph at lines 36--37
 [][] 
[53 <./Imagens/CAP-1/prisma_flowdiagram.png>] [54] [55] [56] [57] [58] [59]
[60]
Overfull \hbox (82.7596pt too wide) in paragraph at lines 207--208
\T1/pcr/m/n/12 library_diego.bib \T1/ptm/m/n/12 (-20) com 994 re-fe-rÛn-cias e 
\T1/pcr/m/n/12 referencias_encontradas_para_adicionar.bib
[61]

LaTeX Warning: Citation `Shea2007' on page 62 undefined on input line 221.


Overfull \hbox (7.5242pt too wide) in paragraph at lines 221--222
[]\T1/ptm/m/n/12 (-20) O sis-tema de re-vi-sÒo sis-te-mß-tica au-to-ma-ti-zada 
foi va-li-dado con-forme cri-tÚ-rios AMSTAR-

LaTeX Warning: Citation `ISI:000604326800014' on page 62 undefined on input lin
e 249.

[62] [63]

LaTeX Warning: Citation `Lotka1926' on page 64 undefined on input line 289.


LaTeX Warning: Citation `VanEck2017' on page 64 undefined on input line 289.


LaTeX Warning: Citation `Pareto1964' on page 64 undefined on input line 295.

[64] [65] [66 <./IMAGENS/fig_2.jpg>]

LaTeX Warning: Citation `Shea2017' on page 67 undefined on input line 311.

[67]) (CONTEUDOS/METODOLOGIA/Met_psicometrica.tex

LaTeX Warning: Citation `SmithParr2000' on page 68 undefined on input line 7.


LaTeX Warning: Citation `ZhouWang2022' on page 68 undefined on input line 7.


LaTeX Warning: Citation `Association2018' on page 68 undefined on input line 11
.


LaTeX Warning: Citation `Lev2001' on page 68 undefined on input line 13.


LaTeX Warning: Citation `WuLi2022' on page 68 undefined on input line 13.

[68] [69 <./IMAGENS/territorio.png>]

LaTeX Warning: Citation `Paparrizos2023' on page 70 undefined on input line 50.



LaTeX Warning: Citation `Astier2010' on page 70 undefined on input line 51.


LaTeX Warning: Citation `Quave2014' on page 70 undefined on input line 51.

[70]

LaTeX Warning: Citation `Cordero2018' on page 71 undefined on input line 53.


LaTeX Warning: Citation `Zhong2025' on page 71 undefined on input line 55.


LaTeX Warning: Citation `Maulana2024' on page 71 undefined on input line 56.


LaTeX Warning: Citation `Witharana2025' on page 71 undefined on input line 56.


LaTeX Warning: Citation `Shava2021' on page 71 undefined on input line 58.


LaTeX Warning: Citation `Oliveira2020' on page 71 undefined on input line 59.


LaTeX Warning: Citation `Quave2014' on page 71 undefined on input line 59.


LaTeX Warning: Citation `McGreevy2021' on page 71 undefined on input line 61.


LaTeX Warning: Citation `Akanmu2023' on page 71 undefined on input line 61.

[71]

LaTeX Warning: Citation `Aloush2021' on page 72 undefined on input line 66.


LaTeX Warning: Citation `Rist2006' on page 72 undefined on input line 66.


LaTeX Warning: Citation `Fernndez-Llamazares2020' on page 72 undefined on input
 line 66.


LaTeX Warning: Citation `Reyes-Garca2020' on page 72 undefined on input line 66
.


LaTeX Warning: Citation `Altieri2012' on page 72 undefined on input line 66.


LaTeX Warning: Citation `Association2018' on page 72 undefined on input line 75
.

[72]

LaTeX Warning: Citation `Santos2018' on page 73 undefined on input line 79.


LaTeX Warning: Citation `Gurgel2021' on page 73 undefined on input line 79.


LaTeX Warning: Citation `Hasson2000' on page 73 undefined on input line 99.


LaTeX Warning: Citation `Borsa2018' on page 73 undefined on input line 103.

[73]

LaTeX Warning: Citation `Cheung2002EvaluatingInvariance' on page 74 undefined o
n input line 105.


LaTeX Warning: Citation `Milfont2010TestingResearch.' on page 74 undefined on i
nput line 105.


LaTeX Warning: Citation `Kane2010' on page 74 undefined on input line 111.


LaTeX Warning: Citation `Lane2014ValidityConsequences' on page 74 undefined on 
input line 111.


LaTeX Warning: Citation `Zhang_J' on page 74 undefined on input line 113.

[74]

LaTeX Warning: Citation `Andrich1978ACategories' on page 75 undefined on input 
line 133.


LaTeX Warning: Citation `Linacre2012WinstepsGuide' on page 75 undefined on inpu
t line 135.


LaTeX Warning: Citation `Boone2016RaschHow' on page 75 undefined on input line 
139.


LaTeX Warning: Citation `Bond2020ApplyingSciences' on page 75 undefined on inpu
t line 139.


LaTeX Warning: Citation `Wright1994ReasonableTransactions' on page 75 undefined
 on input line 139.


LaTeX Warning: Citation `Bond2020ApplyingSciences' on page 75 undefined on inpu
t line 141.


LaTeX Warning: Citation `Linacre2012WinstepsGuide' on page 75 undefined on inpu
t line 141.

[75] [76]
Underfull \hbox (badness 10000) in paragraph at lines 222--222
[]|\T1/ptm/m/n/12 (+20) Registrando co-nhe-ci-

Underfull \hbox (badness 10000) in paragraph at lines 234--234
[]|\T1/ptm/m/n/12 (+20) Analisando me-ca-nis-

Underfull \hbox (badness 1852) in paragraph at lines 238--238
[]|\T1/ptm/m/n/12 (+20) Identificando ame-a-þas

Underfull \hbox (badness 7168) in paragraph at lines 242--242
[]|\T1/ptm/m/n/12 (+20) Mapeando es-tra-tÚ-gias

Underfull \hbox (badness 6204) in paragraph at lines 258--258
[]|\T1/ptm/m/n/12 (+20) Promovendo di-ß-lo-gos

Overfull \vbox (17.09056pt too high) detected at line 260

Underfull \hbox (badness 2951) in paragraph at lines 262--262
[]|\T1/ptm/m/n/12 (+20) Fortalecendo iden-ti-da-
[77] [78] [79])) (CAPITULOS/ARTIGO_1/Artigo_1.tex
Cap\'{\i }tulo 4.
[80] [81]

LaTeX Warning: Citation `Berkes2003' on page 82 undefined on input line 36.


LaTeX Warning: Citation `LeFloc2016S' on page 82 undefined on input line 38.


LaTeX Warning: Citation `Levin1998ComplexAdaptiveSystems' on page 82 undefined 
on input line 40.


LaTeX Warning: Citation `Gale2023' on page 82 undefined on input line 40.


LaTeX Warning: Citation `Liao2023' on page 82 undefined on input line 42.


LaTeX Warning: Citation `Weiss2020' on page 82 undefined on input line 42.


LaTeX Warning: Citation `Belgiu2016' on page 82 undefined on input line 42.


LaTeX Warning: Citation `Mountrakis2011' on page 82 undefined on input line 44.



LaTeX Warning: Citation `Spyrou2025' on page 82 undefined on input line 44.


LaTeX Warning: Citation `Kuhn2013' on page 82 undefined on input line 44.


LaTeX Warning: Citation `Rudin2019' on page 82 undefined on input line 44.


LaTeX Warning: Citation `Wilkinson2016' on page 82 undefined on input line 44.

[82]

LaTeX Warning: Citation `Tricco2018b' on page 83 undefined on input line 52.

[83] [84] [85 <./CAPITULOS/ARTIGO_1/FIGURAS/prisma_flowdiagram.png>]

LaTeX Warning: Citation `Viechtbauer2010' on page 86 undefined on input line 10
3.


LaTeX Warning: Citation `Greenacre2017' on page 86 undefined on input line 111.



LaTeX Warning: Citation `Abdi2014' on page 86 undefined on input line 111.


LaTeX Warning: Citation `Greenacre2017' on page 86 undefined on input line 111.


[86]

LaTeX Warning: Citation `Wilkinson2016' on page 87 undefined on input line 119.



LaTeX Warning: Reference `fig:temporal_combined' on page 87 undefined on input 
line 123.


LaTeX Warning: Citation `Weiss2020' on page 87 undefined on input line 123.


LaTeX Warning: Citation `Osco2021' on page 87 undefined on input line 123.


LaTeX Warning: Reference `fig:temporal_combined' on page 87 undefined on input 
line 125.


LaTeX Warning: Citation `Belgiu2016' on page 87 undefined on input line 125.


LaTeX Warning: Citation `Mountrakis2011' on page 87 undefined on input line 125
.


LaTeX Warning: Citation `Osco2021' on page 87 undefined on input line 125.


LaTeX Warning: Citation `Weiss2020' on page 87 undefined on input line 125.

[87]

LaTeX Warning: Citation `Li2025' on page 88 undefined on input line 143.


LaTeX Warning: Citation `Tripathi2025' on page 88 undefined on input line 143.


LaTeX Warning: Reference `tab:top7' on page 88 undefined on input line 145.


LaTeX Warning: Citation `Li2025' on page 88 undefined on input line 158.


LaTeX Warning: Citation `Tripathi2025' on page 88 undefined on input line 159.


LaTeX Warning: Citation `Ghilardi2025' on page 88 undefined on input line 160.


LaTeX Warning: Citation `Spyrou2025' on page 88 undefined on input line 161.


LaTeX Warning: Citation `Persson2025' on page 88 undefined on input line 162.


LaTeX Warning: Citation `Trehard2024' on page 88 undefined on input line 163.


LaTeX Warning: Citation `Li2024' on page 88 undefined on input line 164.


Overfull \hbox (16.0pt too wide) in paragraph at lines 154--167
 [][] 

LaTeX Warning: `h' float specifier changed to `ht'.


LaTeX Warning: Reference `fig:network_completa' on page 88 undefined on input l
ine 171.

[88 <./CAPITULOS/ARTIGO_1/FIGURAS/temporal_publicacoes.png> <./CAPITULOS/ARTIGO
_1/FIGURAS/temporal_algoritmos.png>]

LaTeX Warning: Reference `fig:network_communities' on page 89 undefined on inpu
t line 180.

[89 <./CAPITULOS/ARTIGO_1/FIGURAS/network_completa.png>]

LaTeX Warning: Citation `Liakos2018' on page 90 undefined on input line 182.


LaTeX Warning: Citation `Weiss2020' on page 90 undefined on input line 182.


LaTeX Warning: Citation `Osco2021' on page 90 undefined on input line 182.


LaTeX Warning: Reference `fig:network_communities' on page 90 undefined on inpu
t line 195.


LaTeX Warning: Citation `Watts1998' on page 90 undefined on input line 195.


LaTeX Warning: Citation `Weiss2020' on page 90 undefined on input line 197.


LaTeX Warning: Citation `Osco2021' on page 90 undefined on input line 197.


Overfull \hbox (7.60214pt too wide) in paragraph at lines 197--198
[]\T1/ptm/m/n/12 (-20) Neste clus-ter, observa-se forte co-o-cor-rÛn-cia en-tre
 \T1/ptm/m/it/12 (-20) De-e-pLe-ar-ning\T1/ptm/m/n/12 (-20) , \T1/ptm/m/it/12 (
-20) Apli-ca-cao=Monitoring
[90 <./CAPITULOS/ARTIGO_1/FIGURAS/louvain_modules_detailed.png>]

LaTeX Warning: Citation `Greenacre2017' on page 91 undefined on input line 204.



LaTeX Warning: Citation `Abdi2014' on page 91 undefined on input line 204.


LaTeX Warning: Reference `fig:mca_temporal' on page 91 undefined on input line 
204.


LaTeX Warning: Citation `Greenacre2017' on page 91 undefined on input line 204.



LaTeX Warning: Reference `fig:mca_temporal' on page 91 undefined on input line 
213.


LaTeX Warning: Citation `Li2024' on page 91 undefined on input line 213.

[91 <./CAPITULOS/ARTIGO_1/FIGURAS/mca_biplot_temporal_completo.png>]

LaTeX Warning: Reference `fig:mca_temporal' on page 92 undefined on input line 
215.


LaTeX Warning: Reference `fig:cluster_heatmap' on page 92 undefined on input li
ne 221.

[92] [93]

LaTeX Warning: Reference `fig:fair_radar' on page 94 undefined on input line 23
7.

[94 <./CAPITULOS/ARTIGO_1/FIGURAS/cluster_heatmap_profiles_edit.png>]

LaTeX Warning: Reference `fig:meta_algoritmo' on page 95 undefined on input lin
e 260.


LaTeX Warning: Reference `fig:meta_algoritmo' on page 95 undefined on input lin
e 264.

[95 <./CAPITULOS/ARTIGO_1/FIGURAS/fair_radar_only.png> <./CAPITULOS/ARTIGO_1/FI
GURAS/fair_indicadores.png>]

LaTeX Warning: Reference `fig:temporal_combined' on page 96 undefined on input 
line 285.


LaTeX Warning: Reference `fig:temporal_combined' on page 96 undefined on input 
line 285.


LaTeX Warning: Citation `Weiss2020' on page 96 undefined on input line 285.


LaTeX Warning: Citation `Foody2020' on page 96 undefined on input line 287.


LaTeX Warning: Citation `Osco2021' on page 96 undefined on input line 287.


LaTeX Warning: Reference `fig:network_communities' on page 96 undefined on inpu
t line 289.


LaTeX Warning: Citation `Basso2020' on page 96 undefined on input line 289.


LaTeX Warning: Citation `Jones2020DigitalTwin' on page 96 undefined on input li
ne 289.


LaTeX Warning: Citation `VanDerHorn2021DigitalTwin' on page 96 undefined on inp
ut line 289.


LaTeX Warning: Reference `fig:mca_temporal' on page 96 undefined on input line 
291.


LaTeX Warning: Citation `Reichstein2019' on page 96 undefined on input line 291
.

[96 <./CAPITULOS/ARTIGO_1/FIGURAS/meta_analise_algoritmos.png> <./CAPITULOS/ART
IGO_1/FIGURAS/meta_regressao_ano.png>]

LaTeX Warning: Reference `fig:cluster_heatmap' on page 97 undefined on input li
ne 293.


LaTeX Warning: Reference `fig:cluster_heatmap' on page 97 undefined on input li
ne 293.


LaTeX Warning: Citation `Akram2026' on page 97 undefined on input line 293.


LaTeX Warning: Reference `fig:fair_radar' on page 97 undefined on input line 29
5.


LaTeX Warning: Citation `Tuia2021' on page 97 undefined on input line 295.


LaTeX Warning: Citation `Samuel2021' on page 97 undefined on input line 295.


LaTeX Warning: Citation `Ivie2018' on page 97 undefined on input line 295.


LaTeX Warning: Citation `Zheng2024' on page 97 undefined on input line 295.


LaTeX Warning: Citation `Rudin2019' on page 97 undefined on input line 297.


LaTeX Warning: Citation `Tuia2021' on page 97 undefined on input line 297.


LaTeX Warning: Reference `fig:meta_algoritmo' on page 97 undefined on input lin
e 299.


LaTeX Warning: Citation `Ploton2020' on page 97 undefined on input line 299.


LaTeX Warning: Citation `Meyer2021' on page 97 undefined on input line 299.

[97]

LaTeX Warning: Citation `Fisher2010' on page 98 undefined on input line 303.


LaTeX Warning: Citation `Hullermeier2021' on page 98 undefined on input line 30
3.


LaTeX Warning: Citation `Tuia2021' on page 98 undefined on input line 303.


LaTeX Warning: Citation `Rudin2019' on page 98 undefined on input line 303.


LaTeX Warning: Citation `Ghilardi2025' on page 98 undefined on input line 303.

[98]) [99] (CAPITULOS/ARTIGO_2/Artigo_2.tex
Cap\'{\i }tulo 5.
[100]

LaTeX Warning: Citation `Altieri2004' on page 101 undefined on input line 31.


LaTeX Warning: Citation `ReyesGarcia2013' on page 101 undefined on input line 3
1.


LaTeX Warning: Citation `Jarvis2008' on page 101 undefined on input line 33.


LaTeX Warning: Citation `Barney1991' on page 101 undefined on input line 33.


LaTeX Warning: Citation `Santilli2009' on page 101 undefined on input line 33.


LaTeX Warning: Citation `Cunha2009' on page 101 undefined on input line 33.


LaTeX Warning: Citation `Goncalves2022' on page 101 undefined on input line 33.



LaTeX Warning: Citation `ReyesGarcia2013' on page 101 undefined on input line 3
5.


LaTeX Warning: Citation `GomezBaggethun2013' on page 101 undefined on input lin
e 35.


LaTeX Warning: Citation `Brush2004' on page 101 undefined on input line 37.


LaTeX Warning: Citation `Jarvis2008' on page 101 undefined on input line 37.


LaTeX Warning: Citation `Bastos2022' on page 101 undefined on input line 37.


LaTeX Warning: Citation `Tran2025' on page 101 undefined on input line 39.


LaTeX Warning: Citation `Aniah2019' on page 101 undefined on input line 39.


LaTeX Warning: Citation `Laborde2023' on page 101 undefined on input line 41.


LaTeX Warning: Citation `Ens2016' on page 101 undefined on input line 41.


LaTeX Warning: Citation `CalvetMir2016' on page 101 undefined on input line 43.



LaTeX Warning: Citation `LaRosa2021' on page 101 undefined on input line 43.


LaTeX Warning: Citation `Saiba2023' on page 101 undefined on input line 43.


LaTeX Warning: Citation `Santilli2009' on page 101 undefined on input line 45.


LaTeX Warning: Citation `FalsBorda1991' on page 101 undefined on input line 45.



LaTeX Warning: Citation `Ostrom1990' on page 101 undefined on input line 45.


LaTeX Warning: Citation `Agrawal2002' on page 101 undefined on input line 45.

[101]

LaTeX Warning: Citation `Page2021' on page 102 undefined on input line 47.


LaTeX Warning: Citation `Borenstein2009' on page 102 undefined on input line 47
.


LaTeX Warning: Citation `Pustejovsky2022' on page 102 undefined on input line 4
7.


LaTeX Warning: Citation `Page2021' on page 102 undefined on input line 63.


LaTeX Warning: Reference `fig:prisma-flow_cap2' on page 102 undefined on input 
line 65.

[102]

LaTeX Warning: Citation `Higgins2019' on page 103 undefined on input line 74.


LaTeX Warning: Citation `Agrawal2002' on page 103 undefined on input line 79.


LaTeX Warning: Citation `Folke2016' on page 103 undefined on input line 79.

[103 <./CAPITULOS/ARTIGO_2/figuras/prisma_flowdiagram_artigo2_en.pdf>]

LaTeX Warning: Reference `tab:picos_cap2' on page 104 undefined on input line 8
4.


LaTeX Warning: Reference `tab:proxies_cap2' on page 104 undefined on input line
 98.


Underfull \hbox (badness 10000) in paragraph at lines 99--99
[]|\T1/ptm/m/n/10.95 (+20) S (De-li-ne-a-

LaTeX Warning: Citation `Shadish2002' on page 104 undefined on input line 104.

[104]

LaTeX Warning: Citation `Westgate2019' on page 105 undefined on input line 113.


[105]

LaTeX Warning: Citation `Landis1977' on page 106 undefined on input line 120.


LaTeX Warning: Citation `Page2021' on page 106 undefined on input line 122.


Package hyperref Warning: Token not allowed in a PDF string (Unicode):
(hyperref)                removing `math shift' on input line 124.


Package hyperref Warning: Token not allowed in a PDF string (Unicode):
(hyperref)                removing `subscript' on input line 124.


Package hyperref Warning: Token not allowed in a PDF string (Unicode):
(hyperref)                removing `math shift' on input line 124.


Package hyperref Warning: Token not allowed in a PDF string (Unicode):
(hyperref)                removing `math shift' on input line 124.


Package hyperref Warning: Token not allowed in a PDF string (Unicode):
(hyperref)                removing `subscript' on input line 124.


Package hyperref Warning: Token not allowed in a PDF string (Unicode):
(hyperref)                removing `math shift' on input line 124.


LaTeX Warning: Citation `Agrawal2002' on page 106 undefined on input line 127.


LaTeX Warning: Reference `tab:proxies_cap2' on page 106 undefined on input line
 127.


Underfull \hbox (badness 10000) in paragraph at lines 139--139
[]|\T1/ptm/m/n/10 (+20) Complexidade

Underfull \hbox (badness 2042) in paragraph at lines 139--139
[]|\T1/ptm/m/n/10 (+20) Riqueza de es-pÚ-cies ma-ne-ja-

Underfull \hbox (badness 10000) in paragraph at lines 140--140
[]|\T1/ptm/m/n/10 (+20) Singularidade

Underfull \hbox (badness 10000) in paragraph at lines 142--142
[]|\T1/ptm/m/n/10 (-17) Vulnerabilidade

Underfull \hbox (badness 2772) in paragraph at lines 142--142
[]|\T1/ptm/m/n/10 (+20) N·mero de me-ca-nis-mos for-

Underfull \hbox (badness 10000) in paragraph at lines 142--142
[]|\T1/ptm/m/n/10 (+20) contagem, bi-nß-

Underfull \hbox (badness 10000) in paragraph at lines 143--143
[]|\T1/ptm/m/n/10 (+20) OrganizaþÒo

Underfull \hbox (badness 10000) in paragraph at lines 143--143
[]|\T1/ptm/m/n/10 (+20) contagem,

Underfull \hbox (badness 10000) in paragraph at lines 143--143
\T1/ptm/m/n/10 (+20) eventos$\OMS/cmsy/m/n/10 ^^A$\T1/ptm/m/n/10 (+20) mÛs$[]$,


LaTeX Warning: Citation `ReyesGarcia2013' on page 106 undefined on input line 1
48.


LaTeX Warning: Citation `GomezBaggethun2013' on page 106 undefined on input lin
e 148.


LaTeX Warning: Citation `Jarvis2008' on page 106 undefined on input line 148.


LaTeX Warning: Citation `Brush2004' on page 106 undefined on input line 148.

[106] [107]

LaTeX Warning: Citation `Ostrom1990' on page 108 undefined on input line 150.


LaTeX Warning: Citation `Pretty2003' on page 108 undefined on input line 150.


LaTeX Warning: Reference `tab:viability_cap2' on page 108 undefined on input li
ne 155.


Overfull \hbox (3.30539pt too wide) in paragraph at lines 166--166
[]|\T1/ptm/m/n/10.95 (-20) Confirmat¾ria| 

Overfull \hbox (3.30539pt too wide) in paragraph at lines 167--167
[]|\T1/ptm/m/n/10.95 (-20) Confirmat¾ria| 

Overfull \hbox (1.76794pt too wide) in paragraph at lines 169--169
[]|\T1/ptm/m/n/10.95 (-20) DocumentaþÒo| 

Overfull \hbox (3.30539pt too wide) in paragraph at lines 169--169
[]|\T1/ptm/m/n/10.95 (-20) Confirmat¾ria| 

Overfull \hbox (3.30539pt too wide) in paragraph at lines 171--171
[]|\T1/ptm/m/n/10.95 (-20) Confirmat¾ria| 

LaTeX Warning: Citation `Borenstein2009' on page 108 undefined on input line 17
6.

[108]

LaTeX Warning: Reference `tab:proxies_cap2' on page 109 undefined on input line
 185.


LaTeX Warning: Citation `Betancur2022' on page 109 undefined on input line 192.



LaTeX Warning: Citation `Rohatgi2020' on page 109 undefined on input line 192.

[109]

LaTeX Warning: Reference `eq:lnrr_cap2' on page 110 undefined on input line 201
.


LaTeX Warning: Reference `eq:vi_cap2' on page 110 undefined on input line 201.


LaTeX Warning: Reference `eq:z-conv_cap2' on page 110 undefined on input line 2
03.


LaTeX Warning: Reference `eq:lnrr-conv_cap2' on page 110 undefined on input lin
e 203.

[110]

LaTeX Warning: Reference `eq:z-conv_cap2' on page 111 undefined on input line 2
12.


LaTeX Warning: Reference `eq:d-conv_cap2' on page 111 undefined on input line 2
12.


LaTeX Warning: Citation `Borenstein2009' on page 111 undefined on input line 21
2.


LaTeX Warning: Reference `eq:lnor-conv_cap2' on page 111 undefined on input lin
e 212.


LaTeX Warning: Citation `Hasselblad1995' on page 111 undefined on input line 21
2.


LaTeX Warning: Reference `eq:lnrr-conv_cap2' on page 111 undefined on input lin
e 212.


LaTeX Warning: Citation `Zhang1998' on page 111 undefined on input line 212.


LaTeX Warning: Citation `Lajeunesse2011' on page 111 undefined on input line 21
9.


Package hyperref Warning: Token not allowed in a PDF string (Unicode):
(hyperref)                removing `math shift' on input line 232.


Package hyperref Warning: Token not allowed in a PDF string (Unicode):
(hyperref)                removing `math shift' on input line 232.

[111]

LaTeX Warning: Citation `Hasselblad1995' on page 112 undefined on input line 23
7.


LaTeX Warning: Citation `Zhang1998' on page 112 undefined on input line 237.


LaTeX Warning: Citation `Burkner2017' on page 112 undefined on input line 239.


LaTeX Warning: Citation `Rover2020' on page 112 undefined on input line 239.


LaTeX Warning: Citation `Wells2000' on page 112 undefined on input line 244.

[112]

LaTeX Warning: Citation `Burgess2013' on page 113 undefined on input line 253.


LaTeX Warning: Citation `vanBuuren2011' on page 113 undefined on input line 253
.


LaTeX Warning: Citation `Rubin1987' on page 113 undefined on input line 253.


LaTeX Warning: Citation `Pustejovsky2022' on page 113 undefined on input line 2
55.


LaTeX Warning: Citation `Cheung2014' on page 113 undefined on input line 257.


LaTeX Warning: Citation `Pustejovsky2022' on page 113 undefined on input line 2
57.


LaTeX Warning: Citation `Pustejovsky2022' on page 113 undefined on input line 2
57.


LaTeX Warning: Reference `eq:i2_cap2' on page 113 undefined on input line 259.


LaTeX Warning: Citation `Higgins2003' on page 113 undefined on input line 259.

[113]

LaTeX Warning: Citation `Hedges1999' on page 114 undefined on input line 269.


LaTeX Warning: Reference `eq:lnrr_cap2' on page 114 undefined on input line 269
.


LaTeX Warning: Reference `eq:vi_cap2' on page 114 undefined on input line 276.


LaTeX Warning: Citation `Hedges1999' on page 114 undefined on input line 276.


LaTeX Warning: Reference `eq:model_cap2' on page 114 undefined on input line 28
3.


LaTeX Warning: Citation `IntHout2016' on page 114 undefined on input line 292.


LaTeX Warning: Citation `Higgins2019' on page 114 undefined on input line 292.


LaTeX Warning: Citation `Borenstein2009' on page 114 undefined on input line 29
2.


LaTeX Warning: Citation `Viechtbauer2010' on page 114 undefined on input line 2
94.

[114]

LaTeX Warning: Citation `Begg1994' on page 115 undefined on input line 296.


LaTeX Warning: Citation `Sterne2005' on page 115 undefined on input line 296.


LaTeX Warning: Citation `Sterne2011' on page 115 undefined on input line 296.


LaTeX Warning: Citation `Duval2000' on page 115 undefined on input line 296.


LaTeX Warning: Citation `Viechtbauer2010' on page 115 undefined on input line 3
00.


LaTeX Warning: Citation `Pustejovsky2022' on page 115 undefined on input line 3
00.


LaTeX Warning: Citation `vanBuuren2011' on page 115 undefined on input line 300
.

[115]

LaTeX Warning: Reference `tab:proxies_cap2' on page 116 undefined on input line
 312.


LaTeX Warning: Reference `tab:mapping_cap2' on page 116 undefined on input line
 312.


Overfull \hbox (5.68791pt too wide) in paragraph at lines 321--321
[]|\T1/ptm/b/n/10.95 (-20) DenominaþÒo| 

Underfull \hbox (badness 10000) in paragraph at lines 321--321
[]|\T1/ptm/b/n/10.95 (+20) Indicador meta-

Underfull \hbox (badness 10000) in paragraph at lines 323--323
[]|\T1/ptm/m/n/10.95 (+20) ErosÒo In-

Underfull \hbox (badness 6016) in paragraph at lines 323--323
[]|\T1/ptm/m/n/10.95 (+20) Risco de des-

Overfull \hbox (5.5236pt too wide) in paragraph at lines 324--324
[]|\T1/ptm/m/n/10.95 (-20) Complexidade| 

Underfull \hbox (badness 2941) in paragraph at lines 324--324
[]|\T1/ptm/m/n/10.95 (+20) Densidade bi-o-

Overfull \hbox (2.70451pt too wide) in paragraph at lines 325--325
[]|\T1/ptm/m/n/10.95 (-20) Singularidade| 

Underfull \hbox (badness 10000) in paragraph at lines 325--325
[]|\T1/ptm/m/n/10.95 (+20) Exclusividade

Overfull \hbox (7.4584pt too wide) in paragraph at lines 326--326
[]|\T1/ptm/m/n/10.95 (-20) DocumentaþÒo| 

Underfull \hbox (badness 10000) in paragraph at lines 326--327
[]|\T1/ptm/m/n/10.95 (+20) Confirmat¾rio

Underfull \hbox (badness 10000) in paragraph at lines 327--327
[]|\T1/ptm/m/n/10.95 (+20) Vuln. Ju-rÝ-

Underfull \hbox (badness 10000) in paragraph at lines 327--327
[]|\T1/ptm/m/n/10.95 (+20) ExposiþÒo a

Underfull \hbox (badness 10000) in paragraph at lines 327--327
\T1/ptm/m/n/10.95 (+20) apro-pri-a-þÒo

LaTeX Warning: Reference `fig:methods-flow_cap2' on page 116 undefined on input
 line 333.

[116] [117 <./CAPITULOS/ARTIGO_2/figuras/methods_flowchart.pdf>]

LaTeX Warning: Citation `Westgate2019' on page 118 undefined on input line 354.



LaTeX Warning: Citation `Aswani2020' on page 118 undefined on input line 354.


LaTeX Warning: Citation `Bussmann2018' on page 118 undefined on input line 354.



LaTeX Warning: Citation `Ghanimi2022' on page 118 undefined on input line 354.


LaTeX Warning: Citation `Malapane2024' on page 118 undefined on input line 354.



LaTeX Warning: Citation `RodriguezCruz2022' on page 118 undefined on input line
 354.


LaTeX Warning: Citation `Rodriguez2018' on page 118 undefined on input line 354
.


LaTeX Warning: Citation `Agrawal2002' on page 118 undefined on input line 356.


LaTeX Warning: Citation `GomezBaggethun2013' on page 118 undefined on input lin
e 356.


LaTeX Warning: Reference `fig:prisma-flow_cap2' on page 118 undefined on input 
line 358.


LaTeX Warning: Citation `Mobarak2025' on page 118 undefined on input line 363.


LaTeX Warning: Citation `LaRosa2021' on page 118 undefined on input line 363.


LaTeX Warning: Citation `Suwardi2025' on page 118 undefined on input line 363.


LaTeX Warning: Citation `Essien2025' on page 118 undefined on input line 363.


LaTeX Warning: Citation `Zeleke2025' on page 118 undefined on input line 363.


LaTeX Warning: Citation `Agrawal2002' on page 118 undefined on input line 365.


LaTeX Warning: Citation `Goncalves2022' on page 118 undefined on input line 365
.

[118]

LaTeX Warning: Citation `Cantor2025' on page 119 undefined on input line 372.


LaTeX Warning: Citation `Sibanda2025' on page 119 undefined on input line 372.


LaTeX Warning: Citation `Gerner2025' on page 119 undefined on input line 372.


LaTeX Warning: Citation `Tran2025' on page 119 undefined on input line 374.


LaTeX Warning: Citation `Moller2023' on page 119 undefined on input line 374.


LaTeX Warning: Citation `Bastos2022' on page 119 undefined on input line 374.


LaTeX Warning: Citation `VazquezDelfin2022' on page 119 undefined on input line
 374.


LaTeX Warning: Citation `Aniah2019' on page 119 undefined on input line 374.


LaTeX Warning: Citation `Tran2025' on page 119 undefined on input line 374.


LaTeX Warning: Citation `Moller2023' on page 119 undefined on input line 374.


LaTeX Warning: Citation `Aniah2019' on page 119 undefined on input line 374.

[119]

LaTeX Warning: Citation `Sibanda2025' on page 120 undefined on input line 378.


LaTeX Warning: Citation `deSousa2024' on page 120 undefined on input line 378.


LaTeX Warning: Citation `Goncalves2022' on page 120 undefined on input line 378
.


LaTeX Warning: Citation `Avila2021' on page 120 undefined on input line 378.


LaTeX Warning: Citation `Edo2024' on page 120 undefined on input line 378.


LaTeX Warning: Citation `RodriguezCruz2022' on page 120 undefined on input line
 378.


LaTeX Warning: Citation `deSousa2024' on page 120 undefined on input line 378.


LaTeX Warning: Citation `Mobarak2025' on page 120 undefined on input line 380.


LaTeX Warning: Citation `Suwardi2025' on page 120 undefined on input line 380.


LaTeX Warning: Citation `LaRosa2021' on page 120 undefined on input line 380.


LaTeX Warning: Citation `Agrawal2002' on page 120 undefined on input line 387.


LaTeX Warning: Citation `GomezBaggethun2013' on page 120 undefined on input lin
e 387.


LaTeX Warning: Citation `Suwardi2025' on page 120 undefined on input line 389.


LaTeX Warning: Citation `Zeleke2025' on page 120 undefined on input line 389.

[120]

LaTeX Warning: Citation `Goncalves2022' on page 121 undefined on input line 391
.


LaTeX Warning: Citation `Bastos2022' on page 121 undefined on input line 391.


LaTeX Warning: Citation `deSousa2024' on page 121 undefined on input line 391.


LaTeX Warning: Citation `Avila2021' on page 121 undefined on input line 391.


LaTeX Warning: Citation `Sibanda2025' on page 121 undefined on input line 393.


LaTeX Warning: Citation `RomeroSilva2026' on page 121 undefined on input line 3
93.


LaTeX Warning: Citation `MugiNgenga2016' on page 121 undefined on input line 39
3.

[121] [122]) [123] (Tese-Catuxe-PPGPI.bbl (Tese-Catuxe-PPGPI.brf)
bibitemlist
[124] [125] [126] [127] [128] [129] [130] [131] [132] [133] [134] [135]
[136] [137] [138] [139] [140] [141]) [142]

enddocument/afterlastpage (AED): lastpage setting LastPage.
(Tese-Catuxe-PPGPI.aux (PRE_TEXTUAL/Resumo.aux) (Pre_Textual/Abreviaturas.aux)
(CONTEUDOS/INTRODU├ç├âO/Introducao.aux) (CONTEUDOS/INTRODU├ç├âO/Referencial.aux
) (CONTEUDOS/METODOLOGIA/Metodologia.aux) (CAPITULOS/ARTIGO_1/Artigo_1.aux
! Extra }, or forgotten \endgroup.
l.276 }
       
! Extra }, or forgotten \endgroup.
l.277 }
       
) (CAPITULOS/ARTIGO_2/Artigo_2.aux))

LaTeX Warning: There were undefined references.


LaTeX Warning: Label(s) may have changed. Rerun to get cross-references right.


Package rerunfilecheck Warning: File `Tese-Catuxe-PPGPI.brf' has changed.
(rerunfilecheck)                Rerun to get bibliographical references right.


Package lastpage Warning: Rerun to get the references right on input line 114.

 )
(see the transcript file for additional information)<C:/Users/vidal/AppData/Loc
al/Programs/MiKTeX/fonts/type1/public/amsfonts/cm/cmbx12.pfb><C:/Users/vidal/Ap
pData/Local/Programs/MiKTeX/fonts/type1/public/amsfonts/cm/cmex10.pfb><C:/Users
/vidal/AppData/Local/Programs/MiKTeX/fonts/type1/public/amsfonts/cm/cmmi10.pfb>
<C:/Users/vidal/AppData/Local/Programs/MiKTeX/fonts/type1/public/amsfonts/cm/cm
mi12.pfb><C:/Users/vidal/AppData/Local/Programs/MiKTeX/fonts/type1/public/amsfo
nts/cm/cmmi8.pfb><C:/Users/vidal/AppData/Local/Programs/MiKTeX/fonts/type1/publ
ic/amsfonts/cm/cmmi9.pfb><C:/Users/vidal/AppData/Local/Programs/MiKTeX/fonts/ty
pe1/public/amsfonts/cm/cmmib10.pfb><C:/Users/vidal/AppData/Local/Programs/MiKTe
X/fonts/type1/public/amsfonts/cm/cmr10.pfb><C:/Users/vidal/AppData/Local/Progra
ms/MiKTeX/fonts/type1/public/amsfonts/cm/cmr12.pfb><C:/Users/vidal/AppData/Loca
l/Programs/MiKTeX/fonts/type1/public/amsfonts/cm/cmr6.pfb><C:/Users/vidal/AppDa
ta/Local/Programs/MiKTeX/fonts/type1/public/amsfonts/cm/cmr7.pfb><C:/Users/vida
l/AppData/Local/Programs/MiKTeX/fonts/type1/public/amsfonts/cm/cmr8.pfb><C:/Use
rs/vidal/AppData/Local/Programs/MiKTeX/fonts/type1/public/amsfonts/cm/cmsy10.pf
b><C:/Users/vidal/AppData/Local/Programs/MiKTeX/fonts/type1/public/amsfonts/cm/
cmsy7.pfb><C:/Users/vidal/AppData/Local/Programs/MiKTeX/fonts/type1/public/amsf
onts/cm/cmsy8.pfb><C:/Users/vidal/AppData/Local/Programs/MiKTeX/fonts/type1/pub
lic/amsfonts/cm/cmsy9.pfb><C:/Users/vidal/AppData/Local/Programs/MiKTeX/fonts/t
ype1/public/lm/lmmi6.pfb><C:/Users/vidal/AppData/Local/Programs/MiKTeX/fonts/ty
pe1/public/lm/lmmi7.pfb><C:/Users/vidal/AppData/Local/Programs/MiKTeX/fonts/typ
e1/public/lm/lmmi9.pfb><C:/Users/vidal/AppData/Local/Programs/MiKTeX/fonts/type
1/public/lm/lmr5.pfb><C:/Users/vidal/AppData/Local/Programs/MiKTeX/fonts/type1/
public/lm/lmr6.pfb><C:/Users/vidal/AppData/Local/Programs/MiKTeX/fonts/type1/pu
blic/lm/lmr7.pfb><C:/Users/vidal/AppData/Local/Programs/MiKTeX/fonts/type1/publ
ic/lm/lmr9.pfb><C:/Users/vidal/AppData/Local/Programs/MiKTeX/fonts/type1/public
/lm/lmri7.pfb><C:/Users/vidal/AppData/Local/Programs/MiKTeX/fonts/type1/public/
lm/lmssbx10.pfb><C:/Users/vidal/AppData/Local/Programs/MiKTeX/fonts/type1/publi
c/lm/lmsy7.pfb><C:/Users/vidal/AppData/Local/Programs/MiKTeX/fonts/type1/urw/co
urier/ucrr8a.pfb><C:/Users/vidal/AppData/Local/Programs/MiKTeX/fonts/type1/urw/
ncntrsbk/uncb8a.pfb><C:/Users/vidal/AppData/Local/Programs/MiKTeX/fonts/type1/u
rw/times/utmb8a.pfb><C:/Users/vidal/AppData/Local/Programs/MiKTeX/fonts/type1/u
rw/times/utmbi8a.pfb><C:/Users/vidal/AppData/Local/Programs/MiKTeX/fonts/type1/
urw/times/utmr8a.pfb><C:/Users/vidal/AppData/Local/Programs/MiKTeX/fonts/type1/
urw/times/utmri8a.pfb>
Output written on Tese-Catuxe-PPGPI.pdf (143 pages, 6304437 bytes).
Transcript written on Tese-Catuxe-PPGPI.log.
